<html>
<body>
<pre>
<h1>µVision Build Log</h1>
<h2>Tool Versions:</h2>
IDE-Version: ¦ÌVision V5.22.0.0
Copyright (C) 2016 ARM Ltd and ARM Germany GmbH. All rights reserved.
License Information: liu na, xilang, LIC=9N0AR-KQRF7-ZE5H2-91N4H-WWZZ8-AU2F7
 
Tool Versions:
Toolchain:       MDK-ARM Professional  Version: 5.22
Toolchain Path:  C:\Keil_v5\ARM\ARMCC\Bin
C Compiler:      Armcc.exe V5.06 update 4 (build 422)
Assembler:       Armasm.exe V5.06 update 4 (build 422)
Linker/Locator:  ArmLink.exe V5.06 update 4 (build 422)
Library Manager: ArmAr.exe V5.06 update 4 (build 422)
Hex Converter:   FromElf.exe V5.06 update 4 (build 422)
CPU DLL:         SARMCM3.DLL V5.22
Dialog DLL:      DCM.DLL V1.13.9.0
Target DLL:      STLink\ST-LINKIII-KEIL_SWO.dll V2.0.18.0
Dialog DLL:      TCM.DLL V1.21.0.0
 
<h2>Project:</h2>
D:\MEMS_STM32F429VGTx_Saber\MDK-ARM\MEMS_STM32F429VGTx_Saber.uvprojx
Project File Date:  08/28/2018

<h2>Output:</h2>
*** Using Compiler 'V5.06 update 4 (build 422)', folder: 'C:\Keil_v5\ARM\ARMCC\Bin'
Build target 'MEMS_STM32F429VGTx_Saber'
compiling MainEntry.c...
..\Code\MainEntry.c(176): warning:  #177-D: variable "packet_length"  was declared but never referenced
     unsigned int packet_length=10;
..\Code\MainEntry.c(653): warning:  #1035-D: single-precision operand implicitly converted to double-precision
  		Acc[i].value=Acc[i].value*9.8;
..\Code\MainEntry.c(604): warning:  #177-D: variable "data"  was declared but never referenced
  	uTos data;
..\Code\MainEntry.c(701): warning:  #940-D: missing return statement at end of non-void function "GetMeasurnCount" 
  }
..\Code\MainEntry.c: 4 warnings, 0 errors
linking...
Program Size: Code=12528 RO-data=484 RW-data=268 ZI-data=11284  
"MEMS_STM32F429VGTx_Saber\MEMS_STM32F429VGTx_Saber.axf" - 0 Error(s), 4 Warning(s).

<h2>Software Packages used:</h2>

Package Vendor: ARM
                http://www.keil.com/pack/ARM.CMSIS.5.0.0.pack
                ARM::CMSIS:CORE:5.0.0
                CMSIS (Cortex Microcontroller Software Interface Standard)
   * Component: CORE Version: 5.0.0

<h2>Collection of Component include folders:</h2>
  D:\MEMS_STM32F429VGTx_Saber\MDK-ARM\RTE\_MEMS_STM32F429VGTx_Saber
  C:\Keil_v5\ARM\PACK\ARM\CMSIS\5.0.0\CMSIS\Include
  C:\Keil_v5\ARM\PACK\Keil\STM32F4xx_DFP\2.12.0\Drivers\CMSIS\Device\ST\STM32F4xx\Include

<h2>Collection of Component Files used:</h2>

   * Component: ARM::CMSIS:CORE:5.0.0
Build Time Elapsed:  00:00:03
</pre>
</body>
</html>
